Processing wt32-eth01 (platform: espressif32; board: wt32-eth01; framework: espidf)
--------------------------------------------------------------------------------
Verbose mode can be enabled via `-v, --verbose` option
CONFIGURATION: https://docs.platformio.org/page/boards/espressif32/wt32-eth01.html
PLATFORM: Espressif 32 (6.11.0) > Wireless-Tag WT32-ETH01 Ethernet Module
HARDWARE: ESP32 240MHz, 320KB RAM, 4MB Flash
DEBUG: Current (cmsis-dap) External (cmsis-dap, esp-bridge, esp-prog, iot-bus-jtag, jlink, minimodule, olimex-arm-usb-ocd, olimex-arm-usb-ocd-h, olimex-arm-usb-tiny-h, olimex-jtag-tiny, tumpa)
PACKAGES: 
 - framework-espidf @ 3.50401.0 (5.4.1) 
 - tool-cmake @ 3.16.4 
 - tool-esp-rom-elfs @ 0.0.1+20241011 
 - tool-esptoolpy @ 1.40501.0 (4.5.1) 
 - tool-idf @ 1.0.1 
 - tool-mconf @ 1.4060000.20190628 (406.0.0) 
 - tool-ninja @ 1.9.0 
 - tool-riscv32-esp-elf-gdb @ 11.2.0+20220823 
 - tool-xtensa-esp-elf-gdb @ 11.2.0+20230208 
 - toolchain-esp32ulp @ 1.23800.240113 (2.38.0) 
 - toolchain-xtensa-esp-elf @ 14.2.0+20241119
Reading CMake configuration...
LDF: Library Dependency Finder -> https://bit.ly/configure-pio-ldf
LDF Modes: Finder ~ chain, Compatibility ~ soft
Found 0 compatible libraries
Scanning dependencies...
No dependencies
Building in release mode
Linking .pio\build\wt32-eth01\firmware.elf
Retrieving maximum program size .pio\build\wt32-eth01\firmware.elf
Checking size .pio\build\wt32-eth01\firmware.elf
Advanced Memory Usage is available via "PlatformIO Home > Project Inspect"
RAM:   [=         ]  13.0% (used 42624 bytes from 327680 bytes)
Flash: [===       ]  26.3% (used 1067400 bytes from 4063232 bytes)
Building .pio\build\wt32-eth01\firmware.bin
esptool.py v4.5.1
Creating esp32 image...
Merged 2 ELF sections
Successfully created esp32 image.
========================= [SUCCESS] Took 12.99 seconds =========================
